// Jest Snapshot v1, https://goo.gl/fbAQLP

exports[`renders a snapshot for \`View\` with \`direction:row\` on \`web\` 1`] = `
.c0 {
  -webkit-flex-direction: row;
  -ms-flex-direction: row;
  flex-direction: row;
  display: -webkit-box;
  display: -webkit-flex;
  display: -ms-flexbox;
  display: flex;
  width: auto;
}

<div
  className="c0"
  direction="row"
/>
`;
